[INFO] Using Python: "/home/zachoines/miniconda3/envs/env_isaaclab3/bin/python"
[WARN][AppLauncher]: There are no arguments attached to the ArgumentParser object. If you have your own arguments, please load your own arguments before calling the `AppLauncher.add_app_launcher_args` method. This allows the method to check the validity of the arguments and perform checks for argument names.
The '--headless' CLI argument is deprecated. Omit '--viz' for default headless. If config visualizers are enabled and you want to force headless, use '--viz none'.
Loading user config located at: '/home/zachoines/miniconda3/envs/env_isaaclab3/lib/python3.12/site-packages/isaacsim/kit/data/Kit/IsaacLab/3.0/user.config.json'
[Info] [carb] Logging to file: /home/zachoines/miniconda3/envs/env_isaaclab3/lib/python3.12/site-packages/isaacsim/kit/logs/Kit/IsaacLab/3.0/kit_20260822_114230.log
2026-08-22T16:42:30Z [1ms] [Error] [carb] No space left on device for creating change watches. Sysctl value `fs.inotify.max_user_watches` may be insufficient. This message is logged once.
2026-08-22T16:42:30Z [5ms] [Warning] [omni.ext.plugin] [ext: isaaclab_visualizers] Extensions config 'extension.toml' doesn't exist '/home/zachoines/Documents/repos/IsaacLab/source/isaaclab_visualizers' or '/home/zachoines/Documents/repos/IsaacLab/source/isaaclab_visualizers/config'
WARNING: All log messages before absl::InitializeLog() is called are written to STDERR
E0000 00:00:1787416950.214298  840014 descriptor_database.cc:633] File already exists in database: grpc/health/v1/health.proto
W0000 00:00:1787416950.214327  840014 message.cc:301] Protobuf GeneratedMessageFactory: File is already registered: grpc/health/v1/health.proto
2026-08-22T16:42:30Z [206ms] [Warning] [omni.platforminfo.plugin] failed to open the default display.  Can't verify X Server version.

|---------------------------------------------------------------------------------------------|
| Driver Version: 580.82.09     | Graphics API: Vulkan
|=============================================================================================|
| GPU | Name                             | Active | LDA | GPU Memory | Vendor-ID | LUID       |
|     |                                  |        |     |            | Device-ID | UUID       |
|     |                                  |        |     |            | Bus-ID    |            |
|---------------------------------------------------------------------------------------------|
| 0   | NVIDIA Tegra NVIDIA GB10         | Yes: 0 |     | 93414   MB | 10de      | 0          |
|     |                                  |        |     |            | 2e12      | 0e6d2993.. |
|     |                                  |        |     |            | 1         |            |
|=============================================================================================|
| OS: 24.04.3 LTS (Noble Numbat) ubuntu, Version: 24.04.3, Kernel: 6.11.0-1014-nvidia
| Processor: Cortex-A725
| Cores: 20 | Logical Cores: 20
|---------------------------------------------------------------------------------------------|
| Total Memory (MB): 124552 | Free Memory: 111087
| Total Page/Swap (MB): 16383 | Free Page/Swap: 16379
|---------------------------------------------------------------------------------------------|
2026-08-22T16:42:31Z [1,553ms] [Warning] [carb.windowing-glfw.plugin] GLFW initialization failed.
2026-08-22T16:42:31Z [1,553ms] [Warning] [carb] Failed to startup plugin carb.windowing-glfw.plugin (interfaces: [carb::windowing::IGLContext v1.0],[carb::windowing::IWindowing v1.5]) (impl: carb.windowing-glfw.plugin)
2026-08-22T16:42:31Z [1,609ms] [Warning] [carb.windowing-glfw.plugin] GLFW initialization failed.
2026-08-22T16:42:31Z [1,609ms] [Warning] [carb] Failed to startup plugin carb.windowing-glfw.plugin (interfaces: [carb::windowing::IGLContext v1.0],[carb::windowing::IWindowing v1.5]) (impl: carb.windowing-glfw.plugin)
2026-08-22T16:42:31Z [1,610ms] [Warning] [carb.windowing-glfw.plugin] GLFW initialization failed.
2026-08-22T16:42:31Z [1,610ms] [Warning] [carb] Failed to startup plugin carb.windowing-glfw.plugin (interfaces: [carb::windowing::IGLContext v1.0],[carb::windowing::IWindowing v1.5]) (impl: carb.windowing-glfw.plugin)
2026-08-22T16:42:32Z [1,937ms] [Warning] [omni.log] Source: omni.hydra was already registered.
OmniReplicatorNvExtension starting up (ext_id: omni.replicator.nv-1.1.0).
2026-08-22T16:42:32Z [2,239ms] [Warning] [pxr.Semantics] pxr.Semantics is deprecated - please use Semantics instead
2026-08-22T16:42:32Z [2,298ms] [Warning] [omni.replicator.core.scripts.extension] No material configuration file, adding configuration to material settings directly.
[ISAACLAB] AppLauncher initialization complete
[INFO]: Parsing configuration from: strafer_lab.tasks.navigation.composed_env_cfg:StraferNavCfg_BridgeAutonomy_ProcRoomEnriched
[probe] cfg default seed = 42
[probe] reset yaw pinned to 0.000 rad (yaw_range)
[probe] terminations disabled: ['time_out', 'robot_flipped', 'sustained_collision', 'goal_reached']
[probe] decimation=4 sim.dt=0.008333333333333333 render_interval=4
/home/zachoines/miniconda3/envs/env_isaaclab3/lib/python3.12/site-packages/torch/cuda/__init__.py:435: UserWarning: 
    Found GPU0 NVIDIA GB10 which is of cuda capability 12.1.
    Minimum and Maximum cuda capability supported by this version of PyTorch is
    (8.0) - (12.0)
    
  queued_call()
[INFO]: Base environment:
	Environment device    : cuda:0
	Environment seed      : 42
	Physics step-size     : 0.008333333333333333
	Rendering step-size   : 0.03333333333333333
	Environment step-size : 0.03333333333333333
[INFO]: Time taken for scene creation Last: 0.680013 s, Mean: 0.680013 s, Std: 0.000000 s, N: 1
[INFO]: Scene manager:  <class InteractiveScene>
	Number of environments: 1
	Environment spacing   : 10.0
	Source prim name      : /World/envs/env_0
	Global prim paths     : ['/World/ground']
	Replicate physics     : True
2026-08-22T16:42:37Z [7,172ms] [Warning] [omni.fabric.plugin] Warning: attribute material:binding not found for path /World/envs/env_0/Robot/strafer/mecanum_wheels/wheel_1/node_606_XXXX_0096_roller_assembly__24__1/node_606_XXXX_0096_roller_cover__1__5/Body1/Body116/RubberMaterial

2026-08-22T16:42:37Z [7,629ms] [Warning] [isaacsim.core.simulation_manager.impl.simulation_manager] Changing backend from 'numpy' to 'torch' since NumPy cannot be used with GPU piplines
2026-08-22T16:42:37Z [7,874ms] [Warning] [omni.rtx] DLSS Skipped: Target resolution below 64x64.
2026-08-22T16:42:37Z [7,876ms] [Warning] [omni.rtx] DLSS increasing input dimensions: Render resolution of (320, 180) is below minimal input resolution of 300.
[INFO]: Time taken for simulation start Last: 1.486219 s, Mean: 1.486219 s, Std: 0.000000 s, N: 1
[INFO] Command Manager:  <CommandManager> contains 1 active terms.
+--------------------------------------------+
|            Active Command Terms            |
+-------+--------------+---------------------+
| Index | Name         |         Type        |
+-------+--------------+---------------------+
|   0   | goal_command | GoalCommandProcRoom |
+-------+--------------+---------------------+

[INFO] Event Manager:  <EventManager> contains 1 active terms.
+--------------------------------------+
| Active Event Terms in Mode: 'reset'  |
+--------+-----------------------------+
| Index  | Name                        |
+--------+-----------------------------+
|   0    | randomize_difficulty        |
|   1    | generate_room               |
|   2    | reset_robot                 |
|   3    | randomize_friction          |
|   4    | randomize_mass              |
|   5    | randomize_motor_strength    |
|   6    | randomize_d555_mount        |
|   7    | jitter_d555_camera_prim     |
+--------+-----------------------------+

[INFO] Recorder Manager:  <RecorderManager> contains 0 active terms.
+---------------------+
| Active Recorder Terms |
+-----------+---------+
|   Index   | Name    |
+-----------+---------+
+-----------+---------+

[MecanumWheelAction] Initialized with:
  Wheel radius: 48.0 mm
  Wheel base: 336.0 mm
  Track width: 413.2 mm
  Max wheel angular vel: 32.67 rad/s (312 RPM)
  Max linear vel: 1.57 m/s
  Max angular vel: 4.19 rad/s
  Joint names (USD order): ['wheel_1_drive', 'wheel_3_drive', 'wheel_2_drive', 'wheel_4_drive']
  Joint reorder (kinematic->USD): [0, 2, 1, 3]
  Wheel axis signs (FL,FR,RL,RR): [-1.0, 1.0, -1.0, 1.0]
  Motor dynamics: True (tau=0.05s)
  Command delay: True (steps=1-3)
  Command hold: True (fraction=(0.0, 0.05), run=(1.0, 1.2))
  Slew rate limit: True (max_accel=900.0 rad/s², range=(700.0, 1100.0))
[INFO] Action Manager:  <ActionManager> contains 1 active terms.
+--------------------------------------+
|    Active Action Terms (shape: 3)    |
+-------+------------------+-----------+
| Index | Name             | Dimension |
+-------+------------------+-----------+
|   0   | wheel_velocities |         3 |
+-------+------------------+-----------+

2026-08-22T16:42:38Z [8,031ms] [Warning] [omni.physx.fabric.plugin] FabricManager::initializePointInstancer mismatched prototypes on point instancer: /Visuals/Command/goal_heading.
2026-08-22T16:42:38Z [8,031ms] [Warning] [omni.physx.fabric.plugin] FabricManager::initializePointInstancer mismatched prototypes on point instancer: /Visuals/Command/goal_sphere.
2026-08-22T16:42:38Z [8,047ms] [Warning] [omni.usd] Encountered USD Warnings but USD Diagnostics are currently muted. To view USD Warnings, please set the '/persistent/app/usd/muteUsdDiagnostics' setting to false in Preferences page.
2026-08-22T16:42:38Z [8,047ms] [Warning] [omni.fabric.plugin] Unsupported type encountered during VtValue extraction
2026-08-22T16:42:38Z [8,047ms] [Warning] [omni.fabric.plugin] Attempting to set an invalid data source to array attribute

2026-08-22T16:42:38Z [8,250ms] [Warning] [omni.kit.material.library.material_extensions] Could not initialize context menu integration: No module named 'omni.kit.context_menu'
Warp DeprecationWarning: The symbol `warp.types.array` will soon be removed from the public API. Use `warp.array` instead.
Warp DeprecationWarning: The symbol `warp.types.warp_type_to_np_dtype` will soon be removed from the public API. It can still be accessed from `warp._src.types.warp_type_to_np_dtype` but might be changed or removed without notice.
[INFO] Observation Manager: <ObservationManager> contains 2 groups.
+--------------------------------------------------------------+
| Active Observation Terms in Group: 'policy' (shape: (3619,)) |
+----------+-------------------------------------+-------------+
|  Index   | Name                                |    Shape    |
+----------+-------------------------------------+-------------+
|    0     | imu_linear_acceleration             |     (3,)    |
|    1     | imu_angular_velocity                |     (3,)    |
|    2     | wheel_encoder_velocities            |     (4,)    |
|    3     | goal_position                       |     (2,)    |
|    4     | goal_distance                       |     (1,)    |
|    5     | goal_heading_to_goal                |     (1,)    |
|    6     | body_velocity_xy                    |     (2,)    |
|    7     | last_action                         |     (3,)    |
|    8     | depth_image                         |   (3600,)   |
+----------+-------------------------------------+-------------+
+--------------------------------------------------------------+
| Active Observation Terms in Group: 'critic' (shape: (3619,)) |
+----------+-------------------------------------+-------------+
|  Index   | Name                                |    Shape    |
+----------+-------------------------------------+-------------+
|    0     | imu_linear_acceleration             |     (3,)    |
|    1     | imu_angular_velocity                |     (3,)    |
|    2     | wheel_encoder_velocities            |     (4,)    |
|    3     | goal_position                       |     (2,)    |
|    4     | goal_distance                       |     (1,)    |
|    5     | goal_heading_to_goal                |     (1,)    |
|    6     | body_velocity_xy                    |     (2,)    |
|    7     | last_action                         |     (3,)    |
|    8     | depth_image                         |   (3600,)   |
+----------+-------------------------------------+-------------+

[INFO] Termination Manager:  <TerminationManager> contains 0 active terms.
+----------------------------+
|  Active Termination Terms  |
+--------+-------+-----------+
| Index  | Name  |  Time Out |
+--------+-------+-----------+
+--------+-------+-----------+

[INFO] Reward Manager:  <RewardManager> contains 11 active terms.
+--------------------------------------+
|         Active Reward Terms          |
+-------+---------------------+--------+
| Index | Name                | Weight |
+-------+---------------------+--------+
|   0   | goal_progress       |   10.0 |
|   1   | goal_proximity      |    0.0 |
|   2   | goal_reached        |  200.0 |
|   3   | collision           |  -10.0 |
|   4   | collision_sustained |   -5.0 |
|   5   | heading_alignment   |    0.0 |
|   6   | speed_near_goal     |    0.0 |
|   7   | energy_penalty      |    0.0 |
|   8   | action_smoothness   |    0.0 |
|   9   | backward_motion     |   -2.0 |
|   10  | obstacle_proximity  |   -1.0 |
+-------+---------------------+--------+

[INFO] Curriculum Manager:  <CurriculumManager> contains 0 active terms.
+----------------------+
| Active Curriculum Terms |
+-----------+----------+
|   Index   | Name     |
+-----------+----------+
+-----------+----------+

[INFO]: Completed setting up the environment...
[probe] reset done
[probe] ANCHOR pos_w = (0.35000020265579224, -1.75, 0.10000000149011612)
[probe] ANCHOR yaw_w = 0.0  (pin target 0.0)
[probe] env_origin = [-0.0, 0.0, 0.0]  pos_attr=root_link_pos_w
[probe] action shape=(1, 3) step_dt=0.03333333333333333
[probe] policy obs dim = (1, 3619)
[probe] policy term layout: [['imu_linear_acceleration', [3]], ['imu_angular_velocity', [3]], ['wheel_encoder_velocities', [4]], ['goal_position', [2]], ['goal_distance', [1]], ['goal_heading_to_goal', [1]], ['body_velocity_xy', [2]], ['last_action', [3]], ['depth_image', [3600]]]
[probe] PLACED pos_w=[-0.14677724242210388, -2.1721723079681396, 0.0800388753414154] yaw_w=2.2137026846438372
[probe] target_world=(-0.14899979734420776, -2.201) target_yaw=2.22
[probe] quartet(clean terms): {"goal_position_relative_raw_m": [0.3922194838523865, -0.7519649267196655], "goal_distance_raw_m": [0.8484424352645874], "goal_heading_to_goal_raw_rad": [-1.0900686979293823], "goal_heading_relative_raw_rad": [-2.21370267868042]}
[probe] mission-goal bearing body-frame = -7.48 deg (rig: -8.1)
[probe] dumped 30 gym-obs records -> docs/measurements/goal-a-attribution-2026-08-22/same-pose-probe/gym_obs.jsonl
[probe] loaded exported policy: /home/zachoines/Workspace/Sim2RealLab/models/strafer_depth_subgoal_v2_998.pt
/home/zachoines/miniconda3/envs/env_isaaclab3/lib/python3.12/site-packages/torch/nn/modules/module.py:1787: UserWarning: RNN module weights are not part of single contiguous chunk of memory. This means they need to be compacted at every call, possibly greatly increasing memory usage. To compact weights again call flatten_parameters(). (Triggered internally at /pytorch/aten/src/ATen/native/cudnn/RNN.cpp:1480.)
  return forward_call(*args, **kwargs)
[probe] CLOSED-LOOP closed_loop_v2.jsonl: {"policy": "/home/zachoines/Workspace/Sim2RealLab/models/strafer_depth_subgoal_v2_998.pt", "trajectory": "docs/measurements/goal-a-attribution-2026-08-22/same-pose-probe/closed_loop_v2.jsonl", "steps": 450, "duration_s_sim": 15.0, "t_sim_span": [1.1333333333333333, 16.133333333333333], "start_pos_w": [-0.14677724242210388, -2.1721723079681396, 0.0800388753414154], "start_yaw_w": 2.2137026846438372, "end_pos_w": [-0.18551279604434967, -2.015289068222046, 0.04790889471769333], "end_yaw_w": 2.0569944055113276, "first_command": [0.4975191354751587, 0.016867876052856445, -0.5425746440887451], "first_command_dir_deg": 1.941810848182456, "goal_bearing_body_deg": -7.476021133973904, "first_command_off_goal_deg": 9.41783198215636, "net_displacement_m": 0.16159453588426873, "net_toward_goal_m": 0.15572459323400356, "mean_action_vx": 0.2503093886375427, "mean_action_vy": -0.07327212201224433, "mean_action_wz": -0.15524387545055812}
[probe] loaded exported policy: /home/zachoines/Workspace/Sim2RealLab/models/strafer_depth_subgoal_v1.pt
[probe] CLOSED-LOOP closed_loop_v1.jsonl: {"policy": "/home/zachoines/Workspace/Sim2RealLab/models/strafer_depth_subgoal_v1.pt", "trajectory": "docs/measurements/goal-a-attribution-2026-08-22/same-pose-probe/closed_loop_v1.jsonl", "steps": 450, "duration_s_sim": 15.0, "t_sim_span": [16.2, 31.2], "start_pos_w": [-0.14679557085037231, -2.1719460487365723, 0.07887931913137436], "start_yaw_w": 2.2126216445513425, "end_pos_w": [0.3762725293636322, -1.4028784036636353, 0.04794929921627045], "end_yaw_w": 1.1621512929025697, "first_command": [-0.22986948490142822, 0.1973506212234497, -0.4388766288757324], "first_command_dir_deg": 139.35280951993613, "goal_bearing_body_deg": -7.412307422293069, "first_command_off_goal_deg": 146.7651169422292, "net_displacement_m": 0.9300888560559797, "net_toward_goal_m": 0.41380498296833734, "mean_action_vx": 0.09112453354729547, "mean_action_vy": -0.016880744165844386, "mean_action_wz": -0.046916379663679335}
[probe] DONE
EXIT=0
